// Jest Snapshot v1, https://goo.gl/fbAQLP

exports[`changeCurrencyAmount should convert a string value to a float 1`] = `
Object {
  "amount": 100,
  "type": "CHANGE_CURRENCY_AMOUNT",
}
`;

exports[`changeCurrencyAmount should create an action with an amount of 100 1`] = `
Object {
  "amount": 100,
  "type": "CHANGE_CURRENCY_AMOUNT",
}
`;

exports[`getInitialConversion should create a properly formatted action 1`] = `
Object {
  "type": "GET_INITIAL_CONVERSION",
}
`;
